// Jest Snapshot v1, https://goo.gl/fbAQLP

exports[`SignUp component should render 1`] = `
<form>
  <div
    className="cr-sign-up-form"
  >
    <div
      className="cr-sign-up-form__options-group"
    >
      <div
        className="cr-sign-up-form__option"
      >
        <div
          className="cr-sign-up-form__option-inner cr-sign-in-form__tab-signin"
        >
          Sign In
        </div>
      </div>
      <div
        className="cr-sign-up-form__option"
      >
        <div
          className="cr-sign-up-form__option-inner __selected"
        >
          Sign Up
        </div>
      </div>
    </div>
    <div
      className="cr-sign-up-form__form-content"
    >
      <div
        className="cr-sign-up-form__group"
      >
        <CustomInput
          autoFocus={true}
          classNameInput="cr-sign-up-form__input"
          classNameLabel="cr-sign-up-form__label"
          defaultLabel="Email"
          handleChangeInput={[MockFunction]}
          handleFocusInput={[MockFunction]}
          inputValue=""
          label="Email"
          placeholder="Email"
          type="email"
        />
      </div>
      <div
        className="cr-sign-up-form__group"
      >
        <CustomInput
          autoFocus={false}
          classNameInput="cr-sign-up-form__input"
          classNameLabel="cr-sign-up-form__label"
          defaultLabel="Password"
          handleChangeInput={[MockFunction]}
          handleFocusInput={[MockFunction]}
          inputValue=""
          label="Password"
          placeholder="Password"
          type="password"
        />
      </div>
      <div
        className="cr-sign-up-form__group"
      >
        <CustomInput
          autoFocus={false}
          classNameInput="cr-sign-up-form__input"
          classNameLabel="cr-sign-up-form__label"
          defaultLabel="Confirm Password"
          handleChangeInput={[MockFunction]}
          handleFocusInput={[MockFunction]}
          inputValue=""
          label="Confirm Password"
          placeholder="Confirm Password"
          type="password"
        />
      </div>
      <div
        className="cr-sign-up-form__group"
      >
        <CustomInput
          autoFocus={false}
          classNameInput="cr-sign-up-form__input"
          classNameLabel="cr-sign-up-form__label"
          defaultLabel="Referral code"
          handleChangeInput={[MockFunction]}
          handleFocusInput={[MockFunction]}
          inputValue=""
          label="Referral code"
          placeholder="Referral code"
          type="text"
        />
      </div>
      <Component
        checked={false}
        className="cr-sign-up-form__checkbox"
        label="I  agree all statements in terms of service"
        onChange={[MockFunction]}
      />
      <div
        className="cr-sign-up-form__button-wrapper"
      >
        <Component
          className="cr-sign-up-form__button"
          disabled={true}
          label="Sign up"
          onClick={[Function]}
          type="submit"
        />
      </div>
    </div>
  </div>
</form>
`;
