// Jest Snapshot v1, https://goo.gl/fbAQLP

exports[`TwoFactorAuth component should render 1`] = `
<div
  className="pg-2fa___form"
>
  <form>
    <div
      className="cr-email-form"
    >
      <div
        className="cr-email-form__options-group"
      >
        <div
          className="cr-email-form__option"
        >
          <div
            className="cr-email-form__option-inner"
          >
            2FA verification
            <div
              className="cr-email-form__cros-icon"
              onClick={[Function]}
            >
              <img
                src="test-file-stub"
              />
            </div>
          </div>
        </div>
      </div>
      <div
        className="cr-email-form__form-content"
      >
        <div
          className="cr-email-form__header"
        />
        <div
          className="cr-email-form__group"
        >
          <CustomInput
            autoFocus={true}
            classNameInput="cr-email-form__input"
            classNameLabel="cr-email-form__label"
            defaultLabel="6-digit Google Authenticator Code"
            handleChangeInput={[MockFunction]}
            handleFocusInput={[MockFunction]}
            inputValue=""
            label="6-digit Google Authenticator Code"
            onKeyPress={[Function]}
            placeholder="6-digit Google Authenticator Code"
            type="number"
          />
        </div>
        <div
          className="cr-email-form__button-wrapper cr-email-form__button-wrapper--empty"
        >
          <Component
            className="cr-email-form__button cr-email-form__button--disabled"
            disabled={true}
            label="Sign in"
            onClick={[Function]}
          />
        </div>
      </div>
    </div>
  </form>
</div>
`;
