// Jest Snapshot v1, https://goo.gl/fbAQLP

exports[`CustomInput component should render 1`] = `
<Fragment>
  <label
    className=""
  />
  <e
    autoFocus={false}
    className=""
    onBlur={[MockFunction]}
    onChangeValue={[MockFunction]}
    onFocus={[MockFunction]}
    placeholder=""
    type=""
    value=""
  />
</Fragment>
`;
