// Jest Snapshot v1, https://goo.gl/fbAQLP

exports[`SignUpScreen should render 1`] = `<Connect(InjectIntl(withRouter(Connect(SignUp)))) />`;
